// Jest Snapshot v1, https://goo.gl/fbAQLP

exports[`renders UI correctly 1`] = `
<View
  style={
    Object {
      "flex": 1,
    }
  }
>
  <View
    accessible={true}
    focusable={false}
    onClick={[Function]}
    onResponderGrant={[Function]}
    onResponderMove={[Function]}
    onResponderRelease={[Function]}
    onResponderTerminate={[Function]}
    onResponderTerminationRequest={[Function]}
    onStartShouldSetResponder={[Function]}
    style={
      Object {
        "backgroundColor": "#006ECB",
        "borderColor": "#E4E9F2",
        "borderRadius": 4,
        "borderWidth": 1,
        "opacity": 1,
        "overflow": "hidden",
      }
    }
  >
    <View
      style={
        Object {
          "backgroundColor": undefined,
          "height": 0,
        }
      }
    />
    <View
      style={
        Object {
          "paddingHorizontal": 24,
          "paddingVertical": 16,
        }
      }
    >
      <View
        appearance="default"
        level="1"
        style={
          Array [
            Object {
              "backgroundColor": "#FFFFFF",
            },
            undefined,
          ]
        }
      >
        <Text
          appearance="default"
          category="h6"
          status="control"
          style={
            Array [
              Object {
                "color": "#FFFFFF",
                "fontFamily": "System",
                "fontSize": 18,
                "fontWeight": "800",
              },
              Object {
                "backgroundColor": "#006ECB",
              },
            ]
          }
        >
          1
          . 
          Dummy question
        </Text>
      </View>
    </View>
    <View
      appearance="default"
      style={
        Array [
          Object {
            "backgroundColor": "#EDF1F7",
            "height": 1,
          },
          undefined,
        ]
      }
    />
    <View
      appearance="default"
      level="1"
      style={
        Array [
          Object {
            "backgroundColor": "#FFFFFF",
          },
          Object {
            "backgroundColor": "#CBF5FE",
          },
        ]
      }
    >
      <View
        appearance="default"
        style={
          Array [
            Object {
              "backgroundColor": "#EDF1F7",
              "height": 1,
            },
            undefined,
          ]
        }
      />
      <View
        accessible={true}
        focusable={true}
        onClick={[Function]}
        onResponderGrant={[Function]}
        onResponderMove={[Function]}
        onResponderRelease={[Function]}
        onResponderTerminate={[Function]}
        onResponderTerminationRequest={[Function]}
        onStartShouldSetResponder={[Function]}
        style={
          Object {
            "alignItems": "center",
            "backgroundColor": "#FFFFFF",
            "flexDirection": "row",
            "opacity": 1,
            "paddingHorizontal": 8,
            "paddingVertical": 12,
          }
        }
      >
        <View
          style={
            Object {
              "transform": Array [
                Object {
                  "scale": 1,
                },
              ],
            }
          }
        >
          <RNSVGSvgView
            align="xMidYMid"
            bbHeight={20}
            bbWidth={20}
            fill="white"
            focusable={false}
            height={20}
            meetOrSlice={0}
            minX={0}
            minY={0}
            style={
              Array [
                Object {
                  "backgroundColor": "transparent",
                  "borderWidth": 0,
                },
                Object {
                  "flex": 0,
                  "height": 20,
                  "width": 20,
                },
              ]
            }
            vbHeight={24}
            vbWidth={24}
            width={20}
          >
            <RNSVGGroup
              fill={4294967295}
              propList={
                Array [
                  "fill",
                ]
              }
            >
              <RNSVGGroup>
                <RNSVGGroup>
                  <RNSVGRect
                    height="24"
                    opacity={0}
                    width="24"
                    x={0}
                    y={0}
                  />
                  <RNSVGPath
                    d="M9.86 18a1 1 0 0 1-.73-.32l-4.86-5.17a1 1 0 1 1 1.46-1.37l4.12 4.39 8.41-9.2a1 1 0 1 1 1.48 1.34l-9.14 10a1 1 0 0 1-.73.33z"
                  />
                </RNSVGGroup>
              </RNSVGGroup>
            </RNSVGGroup>
          </RNSVGSvgView>
        </View>
        <Text
          appearance="default"
          category="p1"
          status="basic"
          style={
            Array [
              Object {
                "color": "#222B45",
                "fontFamily": "System",
                "fontSize": 15,
                "fontWeight": "400",
              },
              Object {
                "color": "#0052AA",
              },
            ]
          }
        >
          Accurate
        </Text>
      </View>
      <View
        appearance="default"
        style={
          Array [
            Object {
              "backgroundColor": "#EDF1F7",
              "height": 1,
            },
            undefined,
          ]
        }
      />
      <View
        accessible={true}
        focusable={true}
        onClick={[Function]}
        onResponderGrant={[Function]}
        onResponderMove={[Function]}
        onResponderRelease={[Function]}
        onResponderTerminate={[Function]}
        onResponderTerminationRequest={[Function]}
        onStartShouldSetResponder={[Function]}
        style={
          Object {
            "alignItems": "center",
            "backgroundColor": "#FFFFFF",
            "flexDirection": "row",
            "opacity": 1,
            "paddingHorizontal": 8,
            "paddingVertical": 12,
          }
        }
      >
        <View
          style={
            Object {
              "transform": Array [
                Object {
                  "scale": 1,
                },
              ],
            }
          }
        >
          <RNSVGSvgView
            align="xMidYMid"
            bbHeight={20}
            bbWidth={20}
            fill="white"
            focusable={false}
            height={20}
            meetOrSlice={0}
            minX={0}
            minY={0}
            style={
              Array [
                Object {
                  "backgroundColor": "transparent",
                  "borderWidth": 0,
                },
                Object {
                  "flex": 0,
                  "height": 20,
                  "width": 20,
                },
              ]
            }
            vbHeight={24}
            vbWidth={24}
            width={20}
          >
            <RNSVGGroup
              fill={4294967295}
              propList={
                Array [
                  "fill",
                ]
              }
            >
              <RNSVGGroup>
                <RNSVGGroup>
                  <RNSVGRect
                    height="24"
                    opacity={0}
                    width="24"
                    x={0}
                    y={0}
                  />
                  <RNSVGPath
                    d="M9.86 18a1 1 0 0 1-.73-.32l-4.86-5.17a1 1 0 1 1 1.46-1.37l4.12 4.39 8.41-9.2a1 1 0 1 1 1.48 1.34l-9.14 10a1 1 0 0 1-.73.33z"
                  />
                </RNSVGGroup>
              </RNSVGGroup>
            </RNSVGGroup>
          </RNSVGSvgView>
        </View>
        <Text
          appearance="default"
          category="p1"
          status="basic"
          style={
            Array [
              Object {
                "color": "#222B45",
                "fontFamily": "System",
                "fontSize": 15,
                "fontWeight": "400",
              },
              Object {
                "color": "#0052AA",
              },
            ]
          }
        >
          Slightly Accurate
        </Text>
      </View>
      <View
        appearance="default"
        style={
          Array [
            Object {
              "backgroundColor": "#EDF1F7",
              "height": 1,
            },
            undefined,
          ]
        }
      />
      <View
        accessible={true}
        focusable={true}
        onClick={[Function]}
        onResponderGrant={[Function]}
        onResponderMove={[Function]}
        onResponderRelease={[Function]}
        onResponderTerminate={[Function]}
        onResponderTerminationRequest={[Function]}
        onStartShouldSetResponder={[Function]}
        style={
          Object {
            "alignItems": "center",
            "backgroundColor": "#FFFFFF",
            "flexDirection": "row",
            "opacity": 1,
            "paddingHorizontal": 8,
            "paddingVertical": 12,
          }
        }
      >
        <View
          style={
            Object {
              "transform": Array [
                Object {
                  "scale": 1,
                },
              ],
            }
          }
        >
          <RNSVGSvgView
            align="xMidYMid"
            bbHeight={20}
            bbWidth={20}
            fill="white"
            focusable={false}
            height={20}
            meetOrSlice={0}
            minX={0}
            minY={0}
            style={
              Array [
                Object {
                  "backgroundColor": "transparent",
                  "borderWidth": 0,
                },
                Object {
                  "flex": 0,
                  "height": 20,
                  "width": 20,
                },
              ]
            }
            vbHeight={24}
            vbWidth={24}
            width={20}
          >
            <RNSVGGroup
              fill={4294967295}
              propList={
                Array [
                  "fill",
                ]
              }
            >
              <RNSVGGroup>
                <RNSVGGroup>
                  <RNSVGRect
                    height="24"
                    opacity={0}
                    width="24"
                    x={0}
                    y={0}
                  />
                  <RNSVGPath
                    d="M9.86 18a1 1 0 0 1-.73-.32l-4.86-5.17a1 1 0 1 1 1.46-1.37l4.12 4.39 8.41-9.2a1 1 0 1 1 1.48 1.34l-9.14 10a1 1 0 0 1-.73.33z"
                  />
                </RNSVGGroup>
              </RNSVGGroup>
            </RNSVGGroup>
          </RNSVGSvgView>
        </View>
        <Text
          appearance="default"
          category="p1"
          status="basic"
          style={
            Array [
              Object {
                "color": "#222B45",
                "fontFamily": "System",
                "fontSize": 15,
                "fontWeight": "400",
              },
              Object {
                "color": "#0052AA",
              },
            ]
          }
        >
          Neutral
        </Text>
      </View>
      <View
        appearance="default"
        style={
          Array [
            Object {
              "backgroundColor": "#EDF1F7",
              "height": 1,
            },
            undefined,
          ]
        }
      />
      <View
        accessible={true}
        focusable={true}
        onClick={[Function]}
        onResponderGrant={[Function]}
        onResponderMove={[Function]}
        onResponderRelease={[Function]}
        onResponderTerminate={[Function]}
        onResponderTerminationRequest={[Function]}
        onStartShouldSetResponder={[Function]}
        style={
          Object {
            "alignItems": "center",
            "backgroundColor": "#FFFFFF",
            "flexDirection": "row",
            "opacity": 1,
            "paddingHorizontal": 8,
            "paddingVertical": 12,
          }
        }
      >
        <View
          style={
            Object {
              "transform": Array [
                Object {
                  "scale": 1,
                },
              ],
            }
          }
        >
          <RNSVGSvgView
            align="xMidYMid"
            bbHeight={20}
            bbWidth={20}
            fill="white"
            focusable={false}
            height={20}
            meetOrSlice={0}
            minX={0}
            minY={0}
            style={
              Array [
                Object {
                  "backgroundColor": "transparent",
                  "borderWidth": 0,
                },
                Object {
                  "flex": 0,
                  "height": 20,
                  "width": 20,
                },
              ]
            }
            vbHeight={24}
            vbWidth={24}
            width={20}
          >
            <RNSVGGroup
              fill={4294967295}
              propList={
                Array [
                  "fill",
                ]
              }
            >
              <RNSVGGroup>
                <RNSVGGroup>
                  <RNSVGRect
                    height="24"
                    opacity={0}
                    width="24"
                    x={0}
                    y={0}
                  />
                  <RNSVGPath
                    d="M9.86 18a1 1 0 0 1-.73-.32l-4.86-5.17a1 1 0 1 1 1.46-1.37l4.12 4.39 8.41-9.2a1 1 0 1 1 1.48 1.34l-9.14 10a1 1 0 0 1-.73.33z"
                  />
                </RNSVGGroup>
              </RNSVGGroup>
            </RNSVGGroup>
          </RNSVGSvgView>
        </View>
        <Text
          appearance="default"
          category="p1"
          status="basic"
          style={
            Array [
              Object {
                "color": "#222B45",
                "fontFamily": "System",
                "fontSize": 15,
                "fontWeight": "400",
              },
              Object {
                "color": "#0052AA",
              },
            ]
          }
        >
          Slightly Inaccurate
        </Text>
      </View>
      <View
        appearance="default"
        style={
          Array [
            Object {
              "backgroundColor": "#EDF1F7",
              "height": 1,
            },
            undefined,
          ]
        }
      />
      <View
        accessible={true}
        focusable={true}
        onClick={[Function]}
        onResponderGrant={[Function]}
        onResponderMove={[Function]}
        onResponderRelease={[Function]}
        onResponderTerminate={[Function]}
        onResponderTerminationRequest={[Function]}
        onStartShouldSetResponder={[Function]}
        style={
          Object {
            "alignItems": "center",
            "backgroundColor": "#FFFFFF",
            "flexDirection": "row",
            "opacity": 1,
            "paddingHorizontal": 8,
            "paddingVertical": 12,
          }
        }
      >
        <View
          style={
            Object {
              "transform": Array [
                Object {
                  "scale": 1,
                },
              ],
            }
          }
        >
          <RNSVGSvgView
            align="xMidYMid"
            bbHeight={20}
            bbWidth={20}
            fill="white"
            focusable={false}
            height={20}
            meetOrSlice={0}
            minX={0}
            minY={0}
            style={
              Array [
                Object {
                  "backgroundColor": "transparent",
                  "borderWidth": 0,
                },
                Object {
                  "flex": 0,
                  "height": 20,
                  "width": 20,
                },
              ]
            }
            vbHeight={24}
            vbWidth={24}
            width={20}
          >
            <RNSVGGroup
              fill={4294967295}
              propList={
                Array [
                  "fill",
                ]
              }
            >
              <RNSVGGroup>
                <RNSVGGroup>
                  <RNSVGRect
                    height="24"
                    opacity={0}
                    width="24"
                    x={0}
                    y={0}
                  />
                  <RNSVGPath
                    d="M9.86 18a1 1 0 0 1-.73-.32l-4.86-5.17a1 1 0 1 1 1.46-1.37l4.12 4.39 8.41-9.2a1 1 0 1 1 1.48 1.34l-9.14 10a1 1 0 0 1-.73.33z"
                  />
                </RNSVGGroup>
              </RNSVGGroup>
            </RNSVGGroup>
          </RNSVGSvgView>
        </View>
        <Text
          appearance="default"
          category="p1"
          status="basic"
          style={
            Array [
              Object {
                "color": "#222B45",
                "fontFamily": "System",
                "fontSize": 15,
                "fontWeight": "400",
              },
              Object {
                "color": "#0052AA",
              },
            ]
          }
        >
          Inaccurate
        </Text>
      </View>
      <View
        appearance="default"
        style={
          Array [
            Object {
              "backgroundColor": "#EDF1F7",
              "height": 1,
            },
            undefined,
          ]
        }
      />
    </View>
  </View>
</View>
`;
