// Jest Snapshot v1, https://goo.gl/fbAQLP

exports[`renders UI correctly 1`] = `
<View
  style={
    Object {
      "flex": 1,
    }
  }
>
  <View
    appearance="default"
    level="1"
    style={
      Array [
        Object {
          "backgroundColor": "#FFFFFF",
        },
        Object {
          "alignSelf": "stretch",
        },
      ]
    }
  >
    <View
      style={
        Object {
          "marginBottom": 5,
        }
      }
    >
      <Text
        appearance="default"
        category="p1"
        style={
          Array [
            Object {
              "color": "#222B45",
              "fontFamily": "System",
              "fontSize": 15,
              "fontWeight": "400",
            },
            Array [
              Object {
                "color": "#8F9BB3",
                "fontFamily": "System",
                "fontSize": 12,
                "fontWeight": "800",
                "marginBottom": 4,
              },
              Object {
                "textAlign": "left",
              },
            ],
          ]
        }
      >
        Username
      </Text>
      <View
        style={
          Array [
            Object {
              "backgroundColor": "#F7F9FC",
              "borderColor": "#E4E9F2",
              "borderRadius": 4,
              "borderWidth": 1,
              "minHeight": 40,
              "paddingHorizontal": 8,
              "paddingVertical": 7,
            },
            Object {
              "alignItems": "center",
              "flexDirection": "row",
              "width": "100%",
            },
          ]
        }
      >
        <View
          style={
            Object {
              "transform": Array [
                Object {
                  "scale": 1,
                },
              ],
            }
          }
        >
          <RNSVGSvgView
            align="xMidYMid"
            bbHeight={24}
            bbWidth={24}
            fill="#8F9BB3"
            focusable={false}
            meetOrSlice={0}
            minX={0}
            minY={0}
            style={
              Array [
                Object {
                  "backgroundColor": "transparent",
                  "borderWidth": 0,
                },
                Object {
                  "height": 24,
                  "marginHorizontal": 8,
                  "tintColor": "#8F9BB3",
                  "width": 24,
                },
                Object {
                  "flex": 0,
                  "height": 24,
                  "width": 24,
                },
              ]
            }
            vbHeight={24}
            vbWidth={24}
          >
            <RNSVGGroup
              fill={4287601587}
              propList={
                Array [
                  "fill",
                ]
              }
            >
              <RNSVGGroup>
                <RNSVGGroup>
                  <RNSVGRect
                    height="24"
                    opacity={0}
                    width="24"
                    x={0}
                    y={0}
                  />
                  <RNSVGPath
                    d="M12 11a4 4 0 1 0-4-4 4 4 0 0 0 4 4zm0-6a2 2 0 1 1-2 2 2 2 0 0 1 2-2z"
                  />
                  <RNSVGPath
                    d="M12 13a7 7 0 0 0-7 7 1 1 0 0 0 2 0 5 5 0 0 1 10 0 1 1 0 0 0 2 0 7 7 0 0 0-7-7z"
                  />
                </RNSVGGroup>
              </RNSVGGroup>
            </RNSVGGroup>
          </RNSVGSvgView>
        </View>
        <TextInput
          allowFontScaling={true}
          appearance="default"
          autoCapitalize="none"
          autoCorrect={false}
          blurOnSubmit={false}
          editable={true}
          onBlur={[Function]}
          onChange={[Function]}
          onChangeText={[Function]}
          onFocus={[Function]}
          onMouseEnter={[Function]}
          onMouseLeave={[Function]}
          onSubmitEditing={[Function]}
          placeholder="Username"
          placeholderTextColor="#8F9BB3"
          rejectResponderTermination={true}
          size="medium"
          status="basic"
          style={
            Array [
              Object {
                "color": "#222B45",
                "fontFamily": "System",
                "fontSize": 15,
                "fontWeight": "normal",
                "marginHorizontal": 8,
              },
              Object {
                "flexBasis": "auto",
                "flexGrow": 1,
                "flexShrink": 1,
              },
              null,
              undefined,
            ]
          }
          textContentType="username"
          underlineColorAndroid="transparent"
          value=""
        />
      </View>
      <View
        style={
          Array [
            Object {
              "marginTop": 4,
            },
            Object {
              "alignItems": "center",
              "flexDirection": "row",
            },
          ]
        }
      />
    </View>
    <View
      style={Object {}}
    >
      <Text
        appearance="default"
        category="p1"
        style={
          Array [
            Object {
              "color": "#222B45",
              "fontFamily": "System",
              "fontSize": 15,
              "fontWeight": "400",
            },
            Array [
              Object {
                "color": "#8F9BB3",
                "fontFamily": "System",
                "fontSize": 12,
                "fontWeight": "800",
                "marginBottom": 4,
              },
              Object {
                "textAlign": "left",
              },
            ],
          ]
        }
      >
        Email
      </Text>
      <View
        style={
          Array [
            Object {
              "backgroundColor": "#F7F9FC",
              "borderColor": "#E4E9F2",
              "borderRadius": 4,
              "borderWidth": 1,
              "minHeight": 40,
              "paddingHorizontal": 8,
              "paddingVertical": 7,
            },
            Object {
              "alignItems": "center",
              "flexDirection": "row",
              "width": "100%",
            },
          ]
        }
      >
        <View
          style={
            Object {
              "transform": Array [
                Object {
                  "scale": 1,
                },
              ],
            }
          }
        >
          <RNSVGSvgView
            align="xMidYMid"
            bbHeight={24}
            bbWidth={24}
            fill="#8F9BB3"
            focusable={false}
            meetOrSlice={0}
            minX={0}
            minY={0}
            style={
              Array [
                Object {
                  "backgroundColor": "transparent",
                  "borderWidth": 0,
                },
                Object {
                  "height": 24,
                  "marginHorizontal": 8,
                  "tintColor": "#8F9BB3",
                  "width": 24,
                },
                Object {
                  "flex": 0,
                  "height": 24,
                  "width": 24,
                },
              ]
            }
            vbHeight={24}
            vbWidth={24}
          >
            <RNSVGGroup
              fill={4287601587}
              propList={
                Array [
                  "fill",
                ]
              }
            >
              <RNSVGGroup>
                <RNSVGGroup>
                  <RNSVGRect
                    height="24"
                    opacity={0}
                    width="24"
                    x={0}
                    y={0}
                  />
                  <RNSVGPath
                    d="M19 4H5a3 3 0 0 0-3 3v10a3 3 0 0 0 3 3h14a3 3 0 0 0 3-3V7a3 3 0 0 0-3-3zm-.67 2L12 10.75 5.67 6zM19 18H5a1 1 0 0 1-1-1V7.25l7.4 5.55a1 1 0 0 0 .6.2 1 1 0 0 0 .6-.2L20 7.25V17a1 1 0 0 1-1 1z"
                  />
                </RNSVGGroup>
              </RNSVGGroup>
            </RNSVGGroup>
          </RNSVGSvgView>
        </View>
        <TextInput
          allowFontScaling={true}
          appearance="default"
          autoCapitalize="none"
          autoCorrect={false}
          editable={true}
          onBlur={[Function]}
          onChange={[Function]}
          onChangeText={[Function]}
          onFocus={[Function]}
          onMouseEnter={[Function]}
          onMouseLeave={[Function]}
          onSubmitEditing={[Function]}
          placeholder="Email"
          placeholderTextColor="#8F9BB3"
          rejectResponderTermination={true}
          size="medium"
          status="basic"
          style={
            Array [
              Object {
                "color": "#222B45",
                "fontFamily": "System",
                "fontSize": 15,
                "fontWeight": "normal",
                "marginHorizontal": 8,
              },
              Object {
                "flexBasis": "auto",
                "flexGrow": 1,
                "flexShrink": 1,
              },
              null,
              undefined,
            ]
          }
          textContentType="emailAddress"
          underlineColorAndroid="transparent"
          value=""
        />
      </View>
      <View
        style={
          Array [
            Object {
              "marginTop": 4,
            },
            Object {
              "alignItems": "center",
              "flexDirection": "row",
            },
          ]
        }
      />
    </View>
    <View
      accessible={true}
      focusable={true}
      onClick={[Function]}
      onResponderGrant={[Function]}
      onResponderMove={[Function]}
      onResponderRelease={[Function]}
      onResponderTerminate={[Function]}
      onResponderTerminationRequest={[Function]}
      onStartShouldSetResponder={[Function]}
      style={
        Object {
          "alignItems": "center",
          "backgroundColor": "#008EED",
          "borderColor": "#008EED",
          "borderRadius": 4,
          "borderWidth": 1,
          "flexDirection": "row",
          "justifyContent": "center",
          "marginTop": 40,
          "minHeight": 40,
          "minWidth": 40,
          "opacity": 1,
          "paddingHorizontal": 10,
          "paddingVertical": 12,
        }
      }
    >
      <Text
        appearance="default"
        category="p1"
        style={
          Array [
            Object {
              "color": "#222B45",
              "fontFamily": "System",
              "fontSize": 15,
              "fontWeight": "400",
            },
            Object {
              "color": "#FFFFFF",
              "fontFamily": "System",
              "fontSize": 14,
              "fontWeight": "bold",
              "marginHorizontal": 10,
            },
          ]
        }
      >
        Reset my password
      </Text>
    </View>
  </View>
</View>
`;
