// Jest Snapshot v1, https://goo.gl/fbAQLP

exports[`renders UI correctly 1`] = `
<View
  style={
    Object {
      "flex": 1,
    }
  }
>
  <View
    appearance="default"
    level="1"
    style={
      Array [
        Object {
          "backgroundColor": "#FFFFFF",
        },
        undefined,
      ]
    }
  >
    <View
      accessible={true}
      focusable={true}
      isTVSelectable={true}
      onClick={[Function]}
      onResponderGrant={[Function]}
      onResponderMove={[Function]}
      onResponderRelease={[Function]}
      onResponderTerminate={[Function]}
      onResponderTerminationRequest={[Function]}
      onStartShouldSetResponder={[Function]}
      style={
        Object {
          "alignItems": "center",
          "alignSelf": "flex-start",
          "backgroundColor": "#008EED",
          "borderColor": "#008EED",
          "borderRadius": 40,
          "borderWidth": 1,
          "flexDirection": "row",
          "justifyContent": "flex-start",
          "marginRight": 10,
          "marginVertical": 5,
          "minHeight": 40,
          "minWidth": 40,
          "opacity": 1,
          "paddingHorizontal": 10,
          "paddingVertical": 0,
        }
      }
    >
      <Text
        appearance="default"
        category="p1"
        style={
          Array [
            Object {
              "color": "#222B45",
              "fontFamily": "System",
              "fontSize": 15,
              "fontWeight": "400",
            },
            Object {
              "color": "#FFFFFF",
              "fontFamily": "System",
              "fontSize": 14,
              "fontWeight": "bold",
              "marginHorizontal": 10,
            },
          ]
        }
      >
        Hello
      </Text>
      <View
        style={
          Object {
            "transform": Array [
              Object {
                "scale": 1,
              },
            ],
          }
        }
      >
        <RNSVGSvgView
          align="xMidYMid"
          bbHeight={20}
          bbWidth={20}
          fill="white"
          focusable={false}
          meetOrSlice={0}
          minX={0}
          minY={0}
          style={
            Array [
              Object {
                "backgroundColor": "transparent",
                "borderWidth": 0,
              },
              Object {
                "height": 20,
                "marginHorizontal": 10,
                "tintColor": "#FFFFFF",
                "width": 20,
              },
              Object {
                "opacity": 1,
              },
              Object {
                "flex": 0,
                "height": 20,
                "width": 20,
              },
            ]
          }
          vbHeight={24}
          vbWidth={24}
        >
          <RNSVGGroup
            fill={4294967295}
            fillOpacity={1}
            fillRule={1}
            font={Object {}}
            matrix={
              Array [
                1,
                0,
                0,
                1,
                0,
                0,
              ]
            }
            opacity={1}
            originX={0}
            originY={0}
            propList={
              Array [
                "fill",
              ]
            }
            rotation={0}
            scaleX={1}
            scaleY={1}
            skewX={0}
            skewY={0}
            stroke={null}
            strokeDasharray={null}
            strokeDashoffset={null}
            strokeLinecap={0}
            strokeLinejoin={0}
            strokeMiterlimit={4}
            strokeOpacity={1}
            strokeWidth={1}
            vectorEffect={0}
            x={0}
            y={0}
          >
            <RNSVGGroup
              fill={4278190080}
              fillOpacity={1}
              fillRule={1}
              font={Object {}}
              matrix={
                Array [
                  1,
                  0,
                  0,
                  1,
                  0,
                  0,
                ]
              }
              opacity={1}
              originX={0}
              originY={0}
              propList={Array []}
              rotation={0}
              scaleX={1}
              scaleY={1}
              skewX={0}
              skewY={0}
              stroke={null}
              strokeDasharray={null}
              strokeDashoffset={null}
              strokeLinecap={0}
              strokeLinejoin={0}
              strokeMiterlimit={4}
              strokeOpacity={1}
              strokeWidth={1}
              vectorEffect={0}
              x={0}
              y={0}
            >
              <RNSVGGroup
                fill={4278190080}
                fillOpacity={1}
                fillRule={1}
                font={Object {}}
                matrix={
                  Array [
                    1,
                    0,
                    0,
                    1,
                    0,
                    0,
                  ]
                }
                opacity={1}
                originX={0}
                originY={0}
                propList={Array []}
                rotation={0}
                scaleX={1}
                scaleY={1}
                skewX={0}
                skewY={0}
                stroke={null}
                strokeDasharray={null}
                strokeDashoffset={null}
                strokeLinecap={0}
                strokeLinejoin={0}
                strokeMiterlimit={4}
                strokeOpacity={1}
                strokeWidth={1}
                vectorEffect={0}
                x={0}
                y={0}
              >
                <RNSVGRect
                  fill={4278190080}
                  fillOpacity={1}
                  fillRule={1}
                  height="24"
                  matrix={
                    Array [
                      -1,
                      1.2246467991473532e-16,
                      -1.2246467991473532e-16,
                      -1,
                      24,
                      24,
                    ]
                  }
                  opacity={0}
                  originX={0}
                  originY={0}
                  propList={Array []}
                  rotation={0}
                  scaleX={1}
                  scaleY={1}
                  skewX={0}
                  skewY={0}
                  stroke={null}
                  strokeDasharray={null}
                  strokeDashoffset={null}
                  strokeLinecap={0}
                  strokeLinejoin={0}
                  strokeMiterlimit={4}
                  strokeOpacity={1}
                  strokeWidth={1}
                  vectorEffect={0}
                  width="24"
                  x={0}
                  y={0}
                />
                <RNSVGPath
                  d="M13.41 12l4.3-4.29a1 1 0 1 0-1.42-1.42L12 10.59l-4.29-4.3a1 1 0 0 0-1.42 1.42l4.3 4.29-4.3 4.29a1 1 0 0 0 0 1.42 1 1 0 0 0 1.42 0l4.29-4.3 4.29 4.3a1 1 0 0 0 1.42 0 1 1 0 0 0 0-1.42z"
                  fill={4278190080}
                  fillOpacity={1}
                  fillRule={1}
                  matrix={
                    Array [
                      1,
                      0,
                      0,
                      1,
                      0,
                      0,
                    ]
                  }
                  opacity={1}
                  originX={0}
                  originY={0}
                  propList={Array []}
                  rotation={0}
                  scaleX={1}
                  scaleY={1}
                  skewX={0}
                  skewY={0}
                  stroke={null}
                  strokeDasharray={null}
                  strokeDashoffset={null}
                  strokeLinecap={0}
                  strokeLinejoin={0}
                  strokeMiterlimit={4}
                  strokeOpacity={1}
                  strokeWidth={1}
                  vectorEffect={0}
                  x={0}
                  y={0}
                />
              </RNSVGGroup>
            </RNSVGGroup>
          </RNSVGGroup>
        </RNSVGSvgView>
      </View>
    </View>
  </View>
</View>
`;
