// Jest Snapshot v1, https://goo.gl/fbAQLP

exports[`renders UI correctly 1`] = `
<View
  style={
    Object {
      "flex": 1,
    }
  }
>
  <View
    appearance="default"
    style={
      Array [
        Object {
          "backgroundColor": "#FFFFFF",
          "minHeight": 56,
          "paddingHorizontal": 8,
          "paddingVertical": 8,
        },
        Object {
          "alignItems": "center",
          "flexDirection": "row",
        },
        undefined,
        Object {
          "backgroundColor": "transparent",
          "marginTop": 20,
          "position": "absolute",
          "zIndex": 1,
        },
      ]
    }
  >
    <View
      style={
        Object {
          "flexDirection": "row",
          "zIndex": 1,
        }
      }
    >
      <View
        accessible={true}
        focusable={true}
        onClick={[Function]}
        onResponderGrant={[Function]}
        onResponderMove={[Function]}
        onResponderRelease={[Function]}
        onResponderTerminate={[Function]}
        onResponderTerminationRequest={[Function]}
        onStartShouldSetResponder={[Function]}
        style={
          Object {
            "marginHorizontal": 8,
            "opacity": 1,
          }
        }
        testID="back-button"
      >
        <View
          style={
            Object {
              "transform": Array [
                Object {
                  "scale": 1,
                },
              ],
            }
          }
        >
          <RNSVGSvgView
            align="xMidYMid"
            bbHeight={24}
            bbWidth={24}
            fill="#222B45"
            focusable={false}
            meetOrSlice={0}
            minX={0}
            minY={0}
            style={
              Array [
                Object {
                  "backgroundColor": "transparent",
                  "borderWidth": 0,
                },
                Object {
                  "height": 24,
                  "tintColor": "#222B45",
                  "width": 24,
                },
                Object {
                  "flex": 0,
                  "height": 24,
                  "width": 24,
                },
              ]
            }
            vbHeight={24}
            vbWidth={24}
          >
            <RNSVGGroup
              fill={4280429381}
              propList={
                Array [
                  "fill",
                ]
              }
            >
              <RNSVGGroup>
                <RNSVGGroup>
                  <RNSVGRect
                    height="24"
                    matrix={
                      Array [
                        6.123233995736766e-17,
                        1,
                        -1,
                        6.123233995736766e-17,
                        24,
                        0,
                      ]
                    }
                    opacity={0}
                    width="24"
                    x={0}
                    y={0}
                  />
                  <RNSVGPath
                    d="M19 11H7.14l3.63-4.36a1 1 0 1 0-1.54-1.28l-5 6a1.19 1.19 0 0 0-.09.15c0 .05 0 .08-.07.13A1 1 0 0 0 4 12a1 1 0 0 0 .07.36c0 .05 0 .08.07.13a1.19 1.19 0 0 0 .09.15l5 6A1 1 0 0 0 10 19a1 1 0 0 0 .64-.23 1 1 0 0 0 .13-1.41L7.14 13H19a1 1 0 0 0 0-2z"
                  />
                </RNSVGGroup>
              </RNSVGGroup>
            </RNSVGGroup>
          </RNSVGSvgView>
        </View>
      </View>
    </View>
    <View />
    <View
      style={
        Array [
          Object {
            "flexDirection": "row",
            "zIndex": 1,
          },
          Object {
            "flex": 1,
            "justifyContent": "flex-end",
          },
        ]
      }
    />
  </View>
</View>
`;
